// Jest Snapshot v1, https://goo.gl/fbAQLP

exports[`should render header directly 1`] = `
<header>
  <h1>
     Expensify 
  </h1>
  <[object Object]
    activeClassName="is-active"
    exact={true}
    to="/"
  >
    Dashboard Page
  </[object Object]>
  <br />
  <[object Object]
    activeClassName="is-active"
    to="/create"
  >
    Expense Page
  </[object Object]>
  <br />
  <[object Object]
    activeClassName="is-active"
    to="/edit"
  >
    Edit Page
  </[object Object]>
  <br />
  <[object Object]
    activeClassName="is-active"
    to="/help"
  >
    Help Page
  </[object Object]>
</header>
`;
